// 重构日志: 8c66d9d3
// 重构日志: 7c7e9a38
// 重构日志: d19c9a19
// 同步 ID: 199b181b @ Sun Aug  2 22:32:06 UTC 2026
// 重构日志: a275a515
// 重构日志: bc96215f
// 同步 ID: a73dfad6 @ Mon Aug  3 13:34:46 UTC 2026
// 重构日志: f8ff59c5
// 重构日志: 1ffbec9e
// 同步 ID: c72a59fc @ Tue Aug  4 08:28:43 UTC 2026
// 重构日志: bbec6ce7
// 重构日志: 84b81113
// 重构日志: 8da27e2a
// 同步 ID: 026f4cd7 @ Wed Aug  5 17:46:49 UTC 2026
// 重构日志: 9169b583
// 重构日志: 1f0b863e
// 同步 ID: cabf9c3c @ Fri Aug  7 05:38:21 UTC 2026
// 重构日志: 1f7bff0a
// 同步 ID: c20f1df4 @ Fri Aug  7 08:46:33 UTC 2026
// 重构日志: cdffcbec
// 重构日志: 02ee25d4
// 同步 ID: 339ca278 @ Fri Aug  7 17:23:20 UTC 2026
// 同步 ID: 94847f9a @ Fri Aug  7 18:41:15 UTC 2026
// 重构日志: b6312695
// 同步 ID: 851cbe80 @ Sat Aug  8 00:50:29 UTC 2026
// 重构日志: 556b0812
// 同步 ID: 41c539f2 @ Sat Aug  8 09:06:28 UTC 2026
// 重构日志: 7a8cc560
// 重构日志: 68f48aa5
// 同步 ID: fbded0cd @ Sat Aug  8 14:27:22 UTC 2026
